Router>enable
Router#configure terminal
Enter configuration commands, one per line.  End with CNTL/Z.
Router(config)#no ip route 2.2.1.0 255.255.255.0 10.10.10.2
Router(config)#no ip route 2.2.2.0 255.255.255.0 10.10.10.2
Router(config)#no ip route 2.2.3.0 255.255.255.0 10.10.10.2
Router(config)#ip route 2.2.0.0 255.255.252.0 10.10.10.2
Router(config)#ping 2.2.1.1
                ^
% Invalid input detected at '^' marker.
	
Router(config)#exit
Router#
%SYS-5-CONFIG_I: Configured from console by console

Router#ping 2.2.1.1

Type escape sequence to abort.
Sending 5, 100-byte ICMP Echos to 2.2.1.1, timeout is 2 seconds:
!!!!!
Success rate is 100 percent (5/5), round-trip min/avg/max = 0/7/35 ms

Router#ping 2.2.2.2

Type escape sequence to abort.
Sending 5, 100-byte ICMP Echos to 2.2.2.2, timeout is 2 seconds:
!!!!!
Success rate is 100 percent (5/5), round-trip min/avg/max = 0/0/1 ms

Router#
Router#ping 2.2.3.3

Type escape sequence to abort.
Sending 5, 100-byte ICMP Echos to 2.2.3.3, timeout is 2 seconds:
!!!!!
Success rate is 100 percent (5/5), round-trip min/avg/max = 0/0/1 ms

Router#